[  5123][V][esp32-hal-periman.c:235] perimanSetBusDeinit(): Deinit function for type I2C_MASTER_SDA (30) successfully set to 0x42004d58
[  5123][V][esp32-hal-periman.c:235] perimanSetBusDeinit(): Deinit function for type I2C_MASTER_SCL (31) successfully set to 0x42004d58
[  5124][I][esp32-hal-i2c-ng.c:112] i2cInit(): Initializing I2C Master: num=0 sda=8 scl=9 freq=100000
[  5125][V][esp32-hal-periman.c:160] perimanSetPinBus(): Pin 8 successfully set to type I2C_MASTER_SDA (30) with bus 0x1
[  5125][V][esp32-hal-periman.c:160] perimanSetPinBus(): Pin 9 successfully set to type I2C_MASTER_SCL (31) with bus 0x1
[  5126][W][Wire.cpp:300] begin(): Bus already started in Master Mode.
[  5126][V][esp32-hal-i2c-ng.c:231] i2cAddDeviceIfNeeded(): added device: bus=0 addr=0x27 handle=0x3c050dc8
[  5127][V][esp32-hal-i2c-ng.c:272] i2cWrite(): i2c_master_transmit: bus=0 addr=0x27 handle=0x3c050dc8 size=2
[  5128][V][esp32-hal-i2c-ng.c:272] i2cWrite(): i2c_master_transmit: bus=0 addr=0x27 handle=0x3c050dc8 size=2
[  5128][V][esp32-hal-i2c-ng.c:272] i2cWrite(): i2c_master_transmit: bus=0 addr=0x27 handle=0x3c050dc8 size=2
[  5129][V][esp32-hal-i2c-ng.c:272] i2cWrite(): i2c_master_transmit: bus=0 addr=0x27 handle=0x3c050dc8 size=2
[...]
=========== After Setup Start ============
INTERNAL Memory Info:
------------------------------------------
  Total Size        :   386472 B ( 377.4 KB)
  Free Bytes        :   347496 B ( 339.4 KB)
  Allocated Bytes   :    33424 B (  32.6 KB)
  Minimum Free Bytes:   342220 B ( 334.2 KB)
  Largest Free Block:   286708 B ( 280.0 KB)
------------------------------------------
SPIRAM Memory Info:
------------------------------------------
  Total Size        :  8388608 B (8192.0 KB)
  Free Bytes        :  8385032 B (8188.5 KB)
  Allocated Bytes   :     1152 B (   1.1 KB)
  Minimum Free Bytes:  8385032 B (8188.5 KB)
  Largest Free Block:  8257524 B (8064.0 KB)
------------------------------------------
GPIO Info:
------------------------------------------
  GPIO : BUS_TYPE[bus/unit][chan]
  --------------------------------------  
     8 : I2C_MASTER_SDA[0]
     9 : I2C_MASTER_SCL[0]
    19 : USB_DM
    20 : USB_DP
    43 : UART_TX[0]
    44 : UART_RX[0]
============ After Setup End =============

New setPoint: 5
[280218][V][esp32-hal-i2c-ng.c:272] i2cWrite(): i2c_master_transmit: bus=0 addr=0x27 handle=0x3c050dc8 size=2
[...]